Starting kit application with the following args:  ['../../external_sources/source_0007/simulation_app.py', '../../external_sources/source_0008/isaacsim.exp.base.python.kit', '--/app/tokens/exe-path=../../external_sources/source_0009/kit', '--/persistent/app/viewport/displayOptions=3094', '--/rtx/materialDb/syncLoads=True', '--/rtx/hydra/materialSyncLoads=True', '--/omni.kit.plugin/syncUsdLoads=True', '--/app/renderer/resolution/width=1280', '--/app/renderer/resolution/height=960', '--/app/window/width=1440', '--/app/window/height=900', '--/renderer/multiGpu/enabled=False', '--/app/fastShutdown=True', '--/app/installSignalHandlers=0', '--ext-folder', '../../external_sources/source_0010/exts', '--ext-folder', '../../external_sources/source_0011/apps', '--portable-root', '../../external_sources/source_0012/.runtime', '--reset-user', '--/renderer/multiGpu/enabled=false', '--/exts/isaacsim.physics.newton/auto_switch_on_startup=false', '--/renderer/activeGpu=1', '--/physics/cudaDevice=1', '--/renderer/multiGpu/maxGpuCount=1', '--/plugins/carb.tasking.plugin/threadCount=32', '--/plugins/omni.tbb.globalcontrol/maxThreadCount=32', '--portable', '--no-window', '--/app/window/hideUi=1']
Passing the following args to the base kit application:  ['--config', 'gpu1_validation.json', '--validate', '--seconds', '10']
[Info] [carb] Logging to file: ../../external_sources/source_0013/Isaac-Sim Python/5.1/kit_20260926_042251.log
2026-09-25T20:22:51Z [0ms] [Warning] [carb.crashreporter-breakpad.plugin] [previous crash] preventing upload of minidump due to user opt-out: '../../external_sources/source_0014/Isaac-Sim Python/5.1/240a69d1-2937-499f-0d54b29d-30463f6b.dmp'
2026-09-25T20:22:51Z [0ms] [Warning] [carb.crashreporter-breakpad.plugin] [previous crash] preventing upload of minidump due to user opt-out: '../../external_sources/source_0014/Isaac-Sim Python/5.1/c962512f-cefd-4704-e207979c-ffcbbfdd.dmp'
2026-09-25T20:22:51Z [1ms] [Warning] [carb.crashreporter-breakpad.plugin] [previous crash] preventing upload of minidump due to user opt-out: '../../external_sources/source_0014/Isaac-Sim Python/5.1/13d81614-3914-44cc-0e5f32bf-10adbdad.dmp'
[0.024s] [ext: omni.kit.async_engine-0.0.3] startup
[0.171s] [ext: omni.metrics.core-0.0.3] startup
[0.172s] [ext: omni.client.lib-1.1.0] startup
[0.179s] [ext: omni.blobkey-1.1.2] startup
[0.179s] [ext: omni.stats-1.0.1] startup
[0.180s] [ext: omni.datastore-0.0.0] startup
[0.184s] [ext: omni.client-1.3.0] startup
[0.186s] [ext: omni.ujitso.default-1.0.0] startup
[0.187s] [ext: omni.hsscclient-1.1.2] startup
[0.191s] [ext: omni.gpu_foundation.shadercache.vulkan-1.0.0] startup
[0.192s] [ext: omni.assets.plugins-0.0.0] startup
[0.193s] [ext: omni.gpu_foundation-0.0.0] startup
[0.197s] [ext: carb.windowing.plugins-1.0.0] startup
2026-09-25T20:22:51Z [188ms] [Warning] [carb.windowing-glfw.plugin] GLFW initialization failed.
2026-09-25T20:22:51Z [188ms] [Warning] [carb] Failed to startup plugin carb.windowing-glfw.plugin (interfaces: [carb::windowing::IGLContext v1.0],[carb::windowing::IWindowing v1.5]) (impl: carb.windowing-glfw.plugin)
[0.198s] [ext: omni.kit.renderer.init-0.0.0] startup
2026-09-25T20:22:51Z [198ms] [Warning] [omni.platforminfo.plugin] failed to open the default display.  Can't verify X Server version.

|---------------------------------------------------------------------------------------------|
| Driver Version: 580.173.02    | Graphics API: Vulkan
|=============================================================================================|
| GPU | Name                             | Active | LDA | GPU Memory | Vendor-ID | LUID       |
|     |                                  |        |     |            | Device-ID | UUID       |
|     |                                  |        |     |            | Bus-ID    |            |
|---------------------------------------------------------------------------------------------|
| 0   | NVIDIA GeForce RTX 5090          |        |     | 32607   MB | 10de      | 0          |
|     |                                  |        |     |            | 2b85      | a395c0d2.. |
|     |                                  |        |     |            | 1         |            |
|---------------------------------------------------------------------------------------------|
| 1   | NVIDIA GeForce RTX 5090          | Yes: 0 |     | 32607   MB | 10de      | 0          |
|     |                                  |        |     |            | 2b85      | 8180a280.. |
|     |                                  |        |     |            | 3         |            |
|=============================================================================================|
| OS: 22.04.5 LTS (Jammy Jellyfish) ubuntu, Version: 22.04.5, Kernel: 6.8.0-138-generic
| Processor: AMD Ryzen 9 9950X 16-Core Processor
| Cores: 16 | Logical Cores: 32
|---------------------------------------------------------------------------------------------|
| Total Memory (MB): 190875 | Free Memory: 152731
| Total Page/Swap (MB): 2047 | Free Page/Swap: 0
|---------------------------------------------------------------------------------------------|
2026-09-25T20:22:52Z [1,067ms] [Warning] [gpu.foundation.plugin] CPU performance profile is set to powersave. This profile sets the CPU to the lowest frequency reducing performance.
2026-09-25T20:22:52Z [1,075ms] [Warning] [gpu.foundation.plugin] PCIe link width current (8) and maximum (16) for device 1 don't match.
2026-09-25T20:22:52Z [1,075ms] [Warning] [gpu.foundation.plugin] IOMMU is enabled.
2026-09-25T20:22:52Z [1,075ms] [Warning] [gpu.foundation.plugin] Detected IOMMU is enabled. Running CUDA peer-to-peer bandwidth and latency validation.
Unidirectional P2P=Enabled Bandwidth (P2P Writes) Matrix (GB/s)
   D\D     0      1 
     0 1544.02  22.09 
     1  20.75 1553.23 
P2P=Enabled Latency (P2P Writes) Matrix (us)
   GPU     0      1 
     0   2.06  20.52 
     1  84.85   2.07 

   CPU     0      1 
     0   1.78   4.33 
     1   4.22   1.70 
2026-09-25T20:22:52Z [1,185ms] [Warning] [gpu.foundation.plugin] CUDA peer-to-peer observed bandwidth: 20.7 GB/s.
2026-09-25T20:22:52Z [1,185ms] [Warning] [gpu.foundation.plugin] CUDA peer-to-peer observed latency: 84.8 us.
2026-09-25T20:22:52Z [1,185ms] [Warning] [gpu.foundation.plugin] Please verify if observed bandwidth and latency are expected.
[1.275s] [ext: omni.kit.pipapi-0.0.0] startup
[1.276s] [ext: omni.kit.pip_archive-0.0.0] startup
[1.276s] [ext: omni.pip.compute-1.6.3] startup
[1.276s] [ext: omni.materialx.libs-1.0.7] startup
[1.280s] [ext: omni.pip.cloud-1.4.3] startup
[1.282s] [ext: omni.isaac.core_archive-3.0.0] startup
[1.282s] [ext: omni.usd.config-1.0.6] startup
[1.284s] [ext: omni.gpucompute.plugins-0.0.0] startup
[1.284s] [ext: omni.usd.libs-1.0.1] startup
[1.332s] [ext: omni.kit.telemetry-0.5.2] startup
[1.348s] [ext: omni.mdl-56.0.3] startup
[1.406s] [ext: omni.iray.libs-0.0.0] startup
[1.411s] [ext: omni.mdl.neuraylib-0.2.12] startup
[1.412s] [ext: omni.kit.usd.mdl-1.1.5] startup
[1.471s] [ext: omni.isaac.ml_archive-3.0.4] startup
[1.472s] [ext: omni.kit.loop-isaac-1.3.7] startup
[1.472s] [ext: omni.kit.test-2.0.1] startup
[1.502s] [ext: omni.appwindow-1.1.10] startup
2026-09-25T20:22:53Z [1,493ms] [Warning] [carb.windowing-glfw.plugin] GLFW initialization failed.
2026-09-25T20:22:53Z [1,493ms] [Warning] [carb] Failed to startup plugin carb.windowing-glfw.plugin (interfaces: [carb::windowing::IGLContext v1.0],[carb::windowing::IWindowing v1.5]) (impl: carb.windowing-glfw.plugin)
[1.504s] [ext: omni.kit.renderer.core-1.1.0] startup
2026-09-25T20:22:53Z [1,515ms] [Warning] [carb.windowing-glfw.plugin] GLFW initialization failed.
2026-09-25T20:22:53Z [1,515ms] [Warning] [carb] Failed to startup plugin carb.windowing-glfw.plugin (interfaces: [carb::windowing::IGLContext v1.0],[carb::windowing::IWindowing v1.5]) (impl: carb.windowing-glfw.plugin)
2026-09-25T20:22:53Z [1,519ms] [Warning] [carb.windowing-glfw.plugin] GLFW initialization failed.
2026-09-25T20:22:53Z [1,519ms] [Warning] [carb] Failed to startup plugin carb.windowing-glfw.plugin (interfaces: [carb::windowing::IGLContext v1.0],[carb::windowing::IWindowing v1.5]) (impl: carb.windowing-glfw.plugin)
[1.529s] [ext: omni.kit.renderer.capture-0.0.0] startup
[1.530s] [ext: omni.kit.renderer.imgui-2.0.5] startup
2026-09-25T20:22:53Z [1,523ms] [Warning] [carb.windowing-glfw.plugin] GLFW initialization failed.
2026-09-25T20:22:53Z [1,523ms] [Warning] [carb] Failed to startup plugin carb.windowing-glfw.plugin (interfaces: [carb::windowing::IGLContext v1.0],[carb::windowing::IWindowing v1.5]) (impl: carb.windowing-glfw.plugin)
2026-09-25T20:22:53Z [1,523ms] [Warning] [carb.windowing-glfw.plugin] GLFW initialization failed.
2026-09-25T20:22:53Z [1,523ms] [Warning] [carb] Failed to startup plugin carb.windowing-glfw.plugin (interfaces: [carb::windowing::IGLContext v1.0],[carb::windowing::IWindowing v1.5]) (impl: carb.windowing-glfw.plugin)
2026-09-25T20:22:53Z [1,524ms] [Warning] [carb.windowing-glfw.plugin] GLFW initialization failed.
2026-09-25T20:22:53Z [1,524ms] [Warning] [carb] Failed to startup plugin carb.windowing-glfw.plugin (interfaces: [carb::windowing::IGLContext v1.0],[carb::windowing::IWindowing v1.5]) (impl: carb.windowing-glfw.plugin)
[1.562s] [ext: omni.ui-2.27.1] startup
[1.567s] [ext: omni.kit.mainwindow-1.0.3] startup
[1.568s] [ext: carb.audio-0.1.0] startup
[1.570s] [ext: omni.uiaudio-1.0.0] startup
[1.570s] [ext: omni.kit.uiapp-0.0.0] startup
[1.570s] [ext: omni.usd.schema.metrics.assembler-107.3.1] startup
[1.572s] [ext: omni.usd.schema.audio-0.0.0] startup
[1.573s] [ext: omni.anim.graph.schema-107.3.3] startup
[1.579s] [ext: omni.usd_resolver-1.0.0] startup
[1.581s] [ext: omni.usd.core-1.5.3] startup
[1.582s] [ext: omni.usd.schema.render_settings.rtx-0.0.0] startup
[1.590s] [ext: omni.usd.schema.semantics-0.0.0] startup
[1.591s] [ext: isaacsim.robot.schema-3.6.0] startup
[1.595s] [ext: omni.usd.schema.geospatial-0.0.0] startup
[1.597s] [ext: omni.usd.schema.anim-0.0.0] startup
[1.605s] [ext: omni.kit.window.popup_dialog-2.0.24] startup
[1.607s] [ext: usdrt.scenegraph-7.6.1] startup
[1.626s] [ext: omni.timeline-1.0.14] startup
[1.627s] [ext: omni.resourcemonitor-107.0.1] startup
[1.628s] [ext: omni.activity.core-1.0.3] startup
[1.629s] [ext: omni.kit.widget.nucleus_connector-2.0.1] startup
[1.630s] [ext: omni.hydra.usdrt_delegate-7.5.1] startup
[1.633s] [ext: omni.kit.actions.core-1.0.0] startup
[1.634s] [ext: omni.graph.exec-0.9.6] startup
[1.635s] [ext: omni.kit.commands-1.4.10] startup
[1.636s] [ext: omni.kit.usd_undo-0.1.8] startup
[1.636s] [ext: omni.kit.exec.core-0.13.4] startup
[1.637s] [ext: omni.kit.audiodeviceenum-1.0.2] startup
[1.638s] [ext: omni.hydra.scene_delegate-0.3.4] startup
[1.640s] [ext: omni.usd-1.13.10] startup
[1.654s] [ext: omni.kit.asset_converter-5.0.17] startup
[1.661s] [ext: omni.usd.schema.flow-107.1.1] startup
[1.661s] [ext: omni.usd.schema.omnigraph-1.0.0] startup
[1.664s] [ext: omni.usd.schema.omni_sensors-0.0.0] startup
[1.664s] [ext: omni.anim.navigation.schema-107.3.3] startup
[1.666s] [ext: omni.inspect-1.0.2] startup
[1.666s] [ext: omni.kit.notification_manager-1.0.10] startup
[1.667s] [ext: omni.graph.core-2.184.5] startup
[1.669s] [ext: isaacsim.core.deprecation_manager-0.2.7] startup
[1.669s] [ext: omni.usd.schema.physx-107.3.26] startup
[1.688s] [ext: omni.usd.schema.isaac-3.0.5] startup
[1.688s] [ext: omni.usd.schema.omniscripting-1.0.0] startup
[1.690s] [ext: omni.usd.schema.omni_lens_distortion-0.0.0] startup
[1.690s] [ext: omni.kvdb-107.3.26] startup
[1.691s] [ext: omni.usdphysics-107.3.26] startup
[1.692s] [ext: omni.physx.foundation-107.3.26] startup
[1.692s] [ext: omni.localcache-107.3.26] startup
[1.693s] [ext: omni.convexdecomposition-107.3.26] startup
[1.694s] [ext: omni.physx.cooking-107.3.26] startup
[1.696s] [ext: omni.physx-107.3.26] startup
[1.701s] [ext: omni.physics-107.3.26] startup
[1.702s] [ext: omni.kit.usd.layers-2.2.11] startup
[1.706s] [ext: omni.physics.physx-107.3.26] startup
2026-09-25T20:22:53Z [1,698ms] [Warning] [carb] Acquiring non optional plugin interface which is not listed as dependency: [omni::physx::IPhysxBenchmarks v1.0] (plugin: <default plugin>), by client: omni.physics.physx.plugin. Add it to CARB_PLUGIN_IMPL_DEPS() macro of a client.
[1.707s] [ext: omni.physics.stageupdate-107.3.26] startup
[1.708s] [ext: omni.kit.numpy.common-0.1.3] startup
[1.709s] [ext: isaacsim.core.version-2.0.6] startup
[1.709s] [ext: omni.isaac.dynamic_control-2.0.7] startup
2026-09-25T20:22:53Z [1,702ms] [Warning] [omni.isaac.dynamic_control] omni.isaac.dynamic_control is deprecated as of Isaac Sim 4.5. No action is needed from end-users.
[1.712s] [ext: isaacsim.storage.native-1.5.1] startup
[1.713s] [ext: omni.kit.menu.core-1.1.2] startup
[1.713s] [ext: omni.kit.helper.file_utils-0.1.9] startup
[1.714s] [ext: omni.usd.metrics.assembler-107.3.1] startup
[1.717s] [ext: omni.kit.widget.context_menu-1.2.5] startup
[1.718s] [ext: omni.warp.core-1.8.2] startup
[1.812s] [ext: omni.usd.metrics.assembler.physics-107.3.26] startup
[1.813s] [ext: omni.physics.tensors-107.3.26] startup
[1.816s] [ext: omni.kit.context_menu-1.8.6] startup
[1.817s] [ext: omni.kit.clipboard-1.0.5] startup
[1.817s] [ext: isaacsim.core.utils-3.5.1] startup
[1.819s] [ext: omni.kit.widget.filebrowser-2.12.3] startup
[1.821s] [ext: omni.kit.widget.options_menu-1.1.6] startup
[1.823s] [ext: omni.kit.widget.path_field-2.0.11] startup
[1.823s] [ext: omni.index.libs-380600.8087.0] startup
[1.823s] [ext: omni.ui.scene-1.11.5] startup
[1.825s] [ext: omni.kit.widget.options_button-1.0.3] startup
[1.826s] [ext: omni.kit.widget.browser_bar-2.0.10] startup
[1.826s] [ext: omni.index-1.0.1] startup
[1.826s] [ext: omni.hydra.rtx.shadercache.vulkan-1.0.0] startup
[1.827s] [ext: omni.kit.window.filepicker-2.13.4] startup
[1.833s] [ext: omni.volume-0.5.2] startup
[1.835s] [ext: omni.ujitso.client-0.0.0] startup
[1.835s] [ext: omni.graph.tools-1.79.2] startup
[1.846s] [ext: omni.graph.image.core-0.6.1] startup
[1.847s] [ext: omni.hydra.rtx-1.0.0] startup
2026-09-25T20:22:53Z [1,848ms] [Warning] [omni.log] Source: omni.hydra was already registered.
[1.865s] [ext: omni.kit.window.file_importer-1.1.18] startup
[1.866s] [ext: omni.kit.menu.utils-2.0.5] startup
[1.870s] [ext: omni.graph.image.nodes-1.3.1] startup
[1.871s] [ext: omni.kit.widget.searchable_combobox-1.0.6] startup
[1.871s] [ext: omni.kit.hydra_texture-1.4.6] startup
[1.873s] [ext: omni.kit.material.library-2.0.7] startup
[1.876s] [ext: omni.hydra.engine.stats-1.0.3] startup
[1.877s] [ext: omni.kit.viewport.scene_camera_model-1.0.6] startup
[1.879s] [ext: omni.kit.widget.settings-1.2.6] startup
[1.880s] [ext: omni.kit.viewport.legacy_gizmos-1.0.19] startup
[1.881s] [ext: omni.kit.widget.viewport-107.1.3] startup
[1.883s] [ext: omni.kit.viewport.registry-104.0.6] startup
[1.883s] [ext: omni.kit.raycast.query-1.1.0] startup
[1.885s] [ext: omni.physx.tensors-107.3.26] startup
[1.890s] [ext: omni.kit.window.drop_support-1.0.5] startup
[1.890s] [ext: omni.kit.primitive.mesh-1.0.17] startup
[1.892s] [ext: omni.kit.viewport.window-107.2.0] startup
[1.902s] [ext: omni.kit.window.preferences-1.8.0] startup
[1.904s] [ext: isaacsim.core.simulation_manager-1.4.4] startup
[2.599s] [ext: omni.graph.action_core-1.1.7] startup
[2.600s] [ext: omni.graph-1.141.2] startup
[2.621s] [ext: omni.kit.viewport.utility-1.1.2] startup
[2.621s] [ext: omni.kit.viewport.menubar.core-107.2.1] startup
[2.629s] [ext: isaacsim.core.prims-0.6.1] startup
[2.642s] [ext: omni.graph.action_nodes-1.50.4] startup
[2.644s] [ext: omni.kit.stage_template.core-1.1.22] startup
[2.645s] [ext: omni.syntheticdata-0.6.13] startup
[2.663s] [ext: omni.graph.nodes-1.170.10] startup
[2.671s] [ext: omni.graph.action-1.130.0] startup
[2.673s] [ext: omni.kit.stage_templates-2.0.0] startup
[2.685s] [ext: omni.kit.widget.filter-1.1.4] startup
[2.689s] [ext: omni.kit.widget.graph-2.0.0] startup
[2.693s] [ext: omni.kit.property.adapter.core-1.0.2] startup
[2.695s] [ext: omni.kit.window.file_exporter-1.0.33] startup
[2.695s] [ext: omni.kit.widget.searchfield-1.1.8] startup
[2.696s] [ext: omni.kit.hotkeys.core-1.3.10] startup
[2.697s] [ext: omni.kit.graph.delegate.default-1.2.3] startup
[2.698s] [ext: omni.kit.property.adapter.fabric-1.0.3] startup
[2.698s] [ext: omni.kit.widget.stage-3.1.4] startup
[2.704s] [ext: omni.kit.property.adapter.usd-1.0.2] startup
[2.705s] [ext: omni.kit.graph.editor.core-1.5.3] startup
[2.706s] [ext: omni.kit.widget.material_preview-1.0.16] startup
[2.707s] [ext: omni.kit.widget.highlight_label-1.0.3] startup
[2.708s] [ext: omni.kit.window.file-2.0.5] startup
[2.710s] [ext: omni.kit.window.content_browser_registry-0.0.6] startup
[2.710s] [ext: omni.kit.window.property-1.12.1] startup
[2.712s] [ext: omni.kit.window.content_browser-3.1.3] startup
[2.718s] [ext: omni.kit.graph.usd.commands-1.3.1] startup
[2.719s] [ext: omni.kit.property.usd-4.5.12] startup
[2.724s] [ext: omni.graph.ui_nodes-1.50.5] startup
[2.727s] [ext: omni.videoencoding-0.1.2] startup
[2.728s] [ext: omni.kit.window.material_graph-1.9.1] startup
[2.735s] [ext: omni.warp-1.8.2] startup
[2.739s] [ext: isaacsim.core.api-4.8.0] startup
[2.768s] [ext: omni.graph.scriptnode-1.50.0] startup
[2.775s] [ext: isaacsim.test.docstring-1.1.0] startup
[2.779s] [ext: isaacsim.core.experimental.utils-0.3.0] startup
[2.795s] [ext: omni.replicator.core-1.12.27] startup
2026-09-25T20:22:54Z [2,804ms] [Warning] [pxr.Semantics] pxr.Semantics is deprecated - please use Semantics instead
Warp 1.8.2 initialized:
   CUDA Toolkit 12.8, Driver 13.0
   Devices:
     "cpu"      : "x86_64"
     "cuda:0"   : "NVIDIA GeForce RTX 5090" (31 GiB, sm_120, mempool enabled)
     "cuda:1"   : "NVIDIA GeForce RTX 5090" (31 GiB, sm_120, mempool enabled)
   CUDA peer access:
     Not supported
   Kernel cache:
     ../../external_sources/source_0015/1.8.2
2026-09-25T20:22:54Z [2,864ms] [Warning] [omni.graph.core.plugin] Found duplicate of category 'Replicator' - was 'Annotators', adding 'Fabric Reader'
2026-09-25T20:22:54Z [2,864ms] [Warning] [omni.graph.core.plugin] Category 'Replicator' not accepted on node type 'omni.replicator.core.FabricReader' in extension 'omni.replicator.core'
2026-09-25T20:22:54Z [2,864ms] [Warning] [omni.replicator.core.scripts.extension] No material configuration file, adding configuration to material settings directly.
[2.875s] [ext: isaacsim.core.experimental.prims-0.8.1] startup
[2.901s] [ext: omni.kit.window.extensions-1.4.27] startup
[2.908s] [ext: isaacsim.core.experimental.objects-0.4.0] startup
[2.916s] [ext: omni.ui_query-1.1.8] startup
[2.918s] [ext: omni.kit.manipulator.viewport-107.0.1] startup
[2.921s] [ext: isaacsim.robot.surface_gripper-3.3.1] startup
[2.925s] [ext: omni.kit.ui_test-1.3.7] startup
[2.929s] [ext: omni.graph.visualization.nodes-2.1.3] startup
[2.947s] [ext: isaacsim.robot_motion.lula-4.0.8] startup
[2.952s] [ext: isaacsim.core.nodes-3.4.3] startup
[2.960s] [ext: isaacsim.gui.components-1.2.1] startup
[2.966s] [ext: isaacsim.robot_motion.motion_generation-8.0.26] startup
[2.977s] [ext: isaacsim.robot.manipulators-3.3.6] startup
[2.986s] [ext: isaacsim.core.experimental.materials-0.4.0] startup
[2.995s] [ext: isaacsim.robot.manipulators.examples-1.1.2] startup
[3.000s] [ext: isaacsim.cortex.framework-1.0.12] startup
[3.007s] [ext: isaacsim.cortex.behaviors-2.0.14] startup
[3.010s] [ext: omni.isaac.cortex.sample_behaviors-2.0.5] startup
2026-09-25T20:22:54Z [3,001ms] [Warning] [omni.isaac.cortex] omni.isaac.cortex has been deprecated in favor of isaacsim.cortex.framework. Please update your code accordingly.
2026-09-25T20:22:54Z [3,003ms] [Warning] [omni.isaac.cortex.sample_behaviors] omni.isaac.cortex.sample_behaviors has been deprecated in favor of isaacsim.cortex.behaviors. Please update your code accordingly.
[3.013s] [ext: omni.kit.widget.zoombar-1.0.6] startup
[3.016s] [ext: isaacsim.gui.content_browser-0.1.11] startup
[3.020s] [ext: omni.kit.browser.core-2.3.13] startup
[3.025s] [ext: omni.kit.widget.stage_icons-1.0.8] startup
[3.045s] [ext: omni.kit.widget.prompt-1.0.7] startup
[3.048s] [ext: omni.kit.usd.collect-2.4.5] startup
[3.061s] [ext: omni.kit.browser.folder.core-1.10.9] startup
[3.136s] [ext: omni.kit.window.stage-2.6.1] startup
[3.220s] [ext: omni.kit.usdz_export-1.0.9] startup
Warp DeprecationWarning: The `warp.sim` module is deprecated and will be removed in v1.10. Please transition to using the forthcoming Newton library instead.
[3.262s] [ext: omni.kit.tool.collect-2.2.18] startup
[3.269s] [ext: omni.kit.menu.stage-1.2.7] startup
[3.272s] [ext: omni.kit.tool.asset_importer-4.3.2] startup
[3.280s] [ext: isaacsim.robot.wheeled_robots-4.0.24] startup
[3.283s] [ext: isaacsim.examples.browser-0.2.1] startup
[3.286s] [ext: isaacsim.asset.importer.urdf-2.4.30] startup
[3.325s] [ext: omni.isaac.wheeled_robots-3.0.7] startup
2026-09-25T20:22:54Z [3,317ms] [Warning] [omni.isaac.wheeled_robots] omni.isaac.wheeled_robots has been deprecated in favor of isaacsim.robot.wheeled_robots. Please update your code accordingly.
2026-09-25T20:22:54Z [3,317ms] [Warning] [omni.isaac.wheeled_robots.controllers] omni.isaac.wheeled_robots has been deprecated in favor of isaacsim.robot.wheeled_robots. Please update your code accordingly.
2026-09-25T20:22:54Z [3,317ms] [Warning] [omni.isaac.wheeled_robots.controllers.ackermann_controller] omni.isaac.wheeled_robots has been deprecated in favor of isaacsim.robot.wheeled_robots. Please update your code accordingly.
2026-09-25T20:22:54Z [3,317ms] [Warning] [omni.isaac.wheeled_robots.controllers.differential_controller] omni.isaac.wheeled_robots has been deprecated in favor of isaacsim.robot.wheeled_robots. Please update your code accordingly.
2026-09-25T20:22:54Z [3,317ms] [Warning] [omni.isaac.wheeled_robots.controllers.holonomic_controller] omni.isaac.wheeled_robots has been deprecated in favor of isaacsim.robot.wheeled_robots. Please update your code accordingly.
2026-09-25T20:22:54Z [3,317ms] [Warning] [omni.isaac.wheeled_robots.controllers.quintic_path_planner] omni.isaac.wheeled_robots has been deprecated in favor of isaacsim.robot.wheeled_robots. Please update your code accordingly.
2026-09-25T20:22:54Z [3,317ms] [Warning] [omni.isaac.wheeled_robots.controllers.stanley_control] omni.isaac.wheeled_robots has been deprecated in favor of isaacsim.robot.wheeled_robots. Please update your code accordingly.
2026-09-25T20:22:54Z [3,318ms] [Warning] [omni.isaac.wheeled_robots.controllers.wheel_base_pose_controller] omni.isaac.wheeled_robots has been deprecated in favor of isaacsim.robot.wheeled_robots. Please update your code accordingly.
2026-09-25T20:22:54Z [3,318ms] [Warning] [omni.isaac.wheeled_robots.impl] omni.isaac.wheeled_robots has been deprecated in favor of isaacsim.robot.wheeled_robots. Please update your code accordingly.
2026-09-25T20:22:54Z [3,319ms] [Warning] [omni.isaac.wheeled_robots.robots] omni.isaac.wheeled_robots has been deprecated in favor of isaacsim.robot.wheeled_robots. Please update your code accordingly.
2026-09-25T20:22:54Z [3,320ms] [Warning] [omni.isaac.wheeled_robots.robots.holonomic_robot_usd_setup] omni.isaac.wheeled_robots has been deprecated in favor of isaacsim.robot.wheeled_robots. Please update your code accordingly.
2026-09-25T20:22:54Z [3,320ms] [Warning] [omni.isaac.wheeled_robots.robots.wheeled_robot] omni.isaac.wheeled_robots has been deprecated in favor of isaacsim.robot.wheeled_robots. Please update your code accordingly.
[3.330s] [ext: isaacsim.simulation_app-2.12.2] startup
[3.331s] [ext: omni.isaac.franka-1.0.7] startup
2026-09-25T20:22:54Z [3,322ms] [Warning] [omni.isaac.franka] omni.isaac.franka has been deprecated in favor of isaacsim.robot.manipulators.examples.franka. Please update your code accordingly.
2026-09-25T20:22:54Z [3,322ms] [Warning] [omni.isaac.franka.franka] omni.isaac.franka has been deprecated in favor of isaacsim.robot.manipulators.examples.franka. Please update your code accordingly.
2026-09-25T20:22:54Z [3,333ms] [Warning] [omni.isaac.franka.kinematics_solver] omni.isaac.franka has been deprecated in favor of isaacsim.robot.manipulators.examples.franka. Please update your code accordingly.
[3.342s] [ext: omni.isaac.kit-2.0.6] startup
2026-09-25T20:22:54Z [3,334ms] [Warning] [omni.isaac.kit] omni.isaac.kit has been deprecated in favor of isaacsim.simulation_app. Please update your code accordingly.
[3.344s] [ext: omni.kit.selection-0.1.6] startup
[3.345s] [ext: omni.isaac.lula-4.0.6] startup
2026-09-25T20:22:54Z [3,336ms] [Warning] [omni.isaac.lula] omni.isaac.lula has been deprecated in favor of isaacsim.robot_motion.lula. Please update your code accordingly.
[3.345s] [ext: isaacsim.robot_motion.lula_test_widget-1.0.12] startup
[3.347s] [ext: isaacsim.asset.browser-1.3.23] startup
[3.393s] [ext: omni.kit.viewport.actions-107.0.2] startup
[3.396s] [ext: isaacsim.gui.menu-2.4.4] startup
[3.400s] [ext: omni.isaac.manipulators-3.0.7] startup
2026-09-25T20:22:54Z [3,392ms] [Warning] [omni.isaac.manipulators] omni.isaac.manipulators has been deprecated in favor of isaacsim.robot.manipulators. Please update your code accordingly.
2026-09-25T20:22:54Z [3,392ms] [Warning] [omni.isaac.manipulators.controllers] omni.isaac.manipulators has been deprecated in favor of isaacsim.robot.manipulators. Please update your code accordingly.
2026-09-25T20:22:54Z [3,392ms] [Warning] [omni.isaac.manipulators.controllers.pick_place_controller] omni.isaac.manipulators has been deprecated in favor of isaacsim.robot.manipulators. Please update your code accordingly.
2026-09-25T20:22:54Z [3,393ms] [Warning] [omni.isaac.manipulators.controllers.stacking_controller] omni.isaac.manipulators has been deprecated in favor of isaacsim.robot.manipulators. Please update your code accordingly.
2026-09-25T20:22:54Z [3,393ms] [Warning] [omni.isaac.manipulators.grippers] omni.isaac.manipulators has been deprecated in favor of isaacsim.robot.manipulators. Please update your code accordingly.
2026-09-25T20:22:54Z [3,393ms] [Warning] [omni.isaac.manipulators.grippers.gripper] omni.isaac.manipulators has been deprecated in favor of isaacsim.robot.manipulators. Please update your code accordingly.
2026-09-25T20:22:54Z [3,393ms] [Warning] [omni.isaac.manipulators.grippers.parallel_gripper] omni.isaac.manipulators has been deprecated in favor of isaacsim.robot.manipulators. Please update your code accordingly.
2026-09-25T20:22:54Z [3,393ms] [Warning] [omni.isaac.manipulators.grippers.surface_gripper] omni.isaac.manipulators has been deprecated in favor of isaacsim.robot.manipulators. Please update your code accordingly.
2026-09-25T20:22:54Z [3,393ms] [Warning] [omni.isaac.manipulators.manipulators] omni.isaac.manipulators has been deprecated in favor of isaacsim.robot.manipulators. Please update your code accordingly.
2026-09-25T20:22:54Z [3,394ms] [Warning] [omni.isaac.manipulators.manipulators.single_manipulator] omni.isaac.manipulators has been deprecated in favor of isaacsim.robot.manipulators. Please update your code accordingly.
[3.403s] [ext: omni.isaac.lula_test_widget-1.0.6] startup
2026-09-25T20:22:54Z [3,395ms] [Warning] [omni.isaac.lula_test_widget] omni.isaac.lula_test_widget has been deprecated in favor of isaacsim.robot_motion.lula_test_widget. Please update your code accordingly.
[3.404s] [ext: omni.isaac.asset_browser-1.0.6] startup
2026-09-25T20:22:54Z [3,396ms] [Warning] [omni.isaac.asset_browser] omni.isaac.asset_browser has been deprecated in favor of isaacsim.asset.browser. Please update your code accordingly.
[3.405s] [ext: omni.kit.viewport.menubar.display-107.0.3] startup
[3.409s] [ext: omni.isaac.menu-1.0.6] startup
2026-09-25T20:22:55Z [3,400ms] [Warning] [omni.isaac.menu] omni.isaac.menu has been deprecated in favor of isaacsim.gui.menu. Please update your code accordingly.
[3.410s] [ext: omni.isaac.motion_generation-8.0.7] startup
2026-09-25T20:22:55Z [3,402ms] [Warning] [omni.isaac.motion_generation] omni.isaac.motion_generation has been deprecated in favor of isaacsim.robot_motion.motion_generation. Please update your code accordingly.
2026-09-25T20:22:55Z [3,402ms] [Warning] [omni.isaac.motion_generation.articulation_kinematics_solver] omni.isaac.motion_generation has been deprecated in favor of isaacsim.robot_motion.motion_generation. Please update your code accordingly.
2026-09-25T20:22:55Z [3,402ms] [Warning] [omni.isaac.motion_generation.articulation_motion_policy] omni.isaac.motion_generation has been deprecated in favor of isaacsim.robot_motion.motion_generation. Please update your code accordingly.
2026-09-25T20:22:55Z [3,403ms] [Warning] [omni.isaac.motion_generation.articulation_trajectory] omni.isaac.motion_generation has been deprecated in favor of isaacsim.robot_motion.motion_generation. Please update your code accordingly.
2026-09-25T20:22:55Z [3,403ms] [Warning] [omni.isaac.motion_generation.kinematics_interface] omni.isaac.motion_generation has been deprecated in favor of isaacsim.robot_motion.motion_generation. Please update your code accordingly.
2026-09-25T20:22:55Z [3,403ms] [Warning] [omni.isaac.motion_generation.lula] omni.isaac.motion_generation has been deprecated in favor of isaacsim.robot_motion.motion_generation. Please update your code accordingly.
2026-09-25T20:22:55Z [3,403ms] [Warning] [omni.isaac.motion_generation.lula.kinematics] omni.isaac.motion_generation has been deprecated in favor of isaacsim.robot_motion.motion_generation. Please update your code accordingly.
2026-09-25T20:22:55Z [3,403ms] [Warning] [omni.isaac.motion_generation.lula.motion_policies] omni.isaac.motion_generation has been deprecated in favor of isaacsim.robot_motion.motion_generation. Please update your code accordingly.
2026-09-25T20:22:55Z [3,403ms] [Warning] [omni.isaac.motion_generation.lula.path_planners] omni.isaac.motion_generation has been deprecated in favor of isaacsim.robot_motion.motion_generation. Please update your code accordingly.
2026-09-25T20:22:55Z [3,403ms] [Warning] [omni.isaac.motion_generation.lula.trajectory_generator] omni.isaac.motion_generation has been deprecated in favor of isaacsim.robot_motion.motion_generation. Please update your code accordingly.
2026-09-25T20:22:55Z [3,403ms] [Warning] [omni.isaac.motion_generation.motion_policy_controller] omni.isaac.motion_generation has been deprecated in favor of isaacsim.robot_motion.motion_generation. Please update your code accordingly.
2026-09-25T20:22:55Z [3,403ms] [Warning] [omni.isaac.motion_generation.motion_policy_interface] omni.isaac.motion_generation has been deprecated in favor of isaacsim.robot_motion.motion_generation. Please update your code accordingly.
2026-09-25T20:22:55Z [3,403ms] [Warning] [omni.isaac.motion_generation.path_planner_visualizer] omni.isaac.motion_generation has been deprecated in favor of isaacsim.robot_motion.motion_generation. Please update your code accordingly.
2026-09-25T20:22:55Z [3,403ms] [Warning] [omni.isaac.motion_generation.path_planning_interface] omni.isaac.motion_generation has been deprecated in favor of isaacsim.robot_motion.motion_generation. Please update your code accordingly.
2026-09-25T20:22:55Z [3,403ms] [Warning] [omni.isaac.motion_generation.trajectory] omni.isaac.motion_generation has been deprecated in favor of isaacsim.robot_motion.motion_generation. Please update your code accordingly.
2026-09-25T20:22:55Z [3,403ms] [Warning] [omni.isaac.motion_generation.world_interface] omni.isaac.motion_generation has been deprecated in favor of isaacsim.robot_motion.motion_generation. Please update your code accordingly.
[3.413s] [ext: omni.isaac.assets_check-0.3.13] startup
2026-09-25T20:22:55Z [3,405ms] [Warning] [omni.isaac.assets_check] omni.isaac.assets_check has been deprecated in favor of isaacsim.asset.browser. Please update your code accordingly.
[3.414s] [ext: isaacsim.gui.sensors.icon-2.0.3] startup
[3.421s] [ext: isaacsim.asset.importer.mjcf-2.5.13] startup
[3.424s] [ext: omni.sensors.nv.common-3.0.0] startup
[3.431s] [ext: isaacsim.sensors.physics-0.4.3] startup
[3.436s] [ext: omni.sensors.net-1.0.0] startup
[3.438s] [ext: omni.isaac.nucleus-1.0.6] startup
2026-09-25T20:22:55Z [3,430ms] [Warning] [omni.isaac.nucleus] omni.isaac.nucleus has been deprecated in favor of isaacsim.storage.native. Please update your code accordingly.
2026-09-25T20:22:55Z [3,430ms] [Warning] [omni.isaac.nucleus.nucleus] omni.isaac.nucleus.nucleus has been deprecated in favor of isaacsim.storage.native. Please update your code accordingly.
[3.439s] [ext: omni.sensors.nv.materials-2.0.0] startup
[3.443s] [ext: isaacsim.robot.policy.examples-4.1.11] startup
[3.448s] [ext: omni.sensors.nv.wpm-3.0.0] startup
[3.449s] [ext: omni.sensors.nv.lidar-3.0.0] startup
[3.465s] [ext: isaacsim.util.debug_draw-3.1.0] startup
[3.467s] [ext: omni.sensors.nv.radar-3.0.0] startup
[3.469s] [ext: omni.sensors.nv.ids-2.0.0] startup
[3.470s] [ext: isaacsim.core.cloner-1.4.10] startup
[3.472s] [ext: isaacsim.sensors.physx-2.3.2] startup
[3.475s] [ext: isaacsim.sensors.rtx-15.8.4] startup
[3.480s] [ext: isaacsim.sensors.camera-1.3.6] startup
[3.487s] [ext: omni.isaac.quadruped-3.0.7] startup
2026-09-25T20:22:55Z [3,479ms] [Warning] [omni.isaac.quadruped] omni.isaac.quadruped has been deprecated in favor of isaacsim.robot.policy.examples. Please update your code accordingly.
[3.488s] [ext: omni.isaac.cloner-1.0.7] startup
2026-09-25T20:22:55Z [3,480ms] [Warning] [omni.isaac.cloner] omni.isaac.cloner has been deprecated in favor of isaacsim.core.cloner. Please update your code accordingly.
[3.490s] [ext: omni.isaac.range_sensor-4.0.6] startup
2026-09-25T20:22:55Z [3,484ms] [Warning] [omni.isaac.range_sensor] omni.isaac.range_sensor has been deprecated in favor of isaacsim.sensors.physx. Please update your code accordingly.
2026-09-25T20:22:55Z [3,484ms] [Warning] [omni.isaac.range_sensor.commands] omni.isaac.range_sensor.commands has been deprecated in favor of isaacsim.sensors.physx.commands. Please update your code accordingly.
[3.494s] [ext: omni.isaac.sensor-13.0.7] startup
2026-09-25T20:22:55Z [3,486ms] [Warning] [omni.isaac.sensor] omni.isaac.sensor has been deprecated in favor of isaacsim.sensors.camera, isaacsim.sensors.physics, isaacsim.sensors.physx, and isaacsim.sensors.rtx. Please update your code accordingly.
2026-09-25T20:22:55Z [3,486ms] [Warning] [omni.isaac.sensor.camera] omni.isaac.sensor.camera has been deprecated in favor of isaacsim.sensors.camera.camera. Please update your code accordingly.
2026-09-25T20:22:55Z [3,486ms] [Warning] [omni.isaac.sensor.camera_view] omni.isaac.sensor.camera_view has been deprecated in favor of isaacsim.sensors.camera.camera_view. Please update your code accordingly.
2026-09-25T20:22:55Z [3,487ms] [Warning] [omni.isaac.sensor.commands] omni.isaac.sensor.commands has been deprecated in favor of isaacsim.sensors.physics.commands, isaacsim.sensors.physx.commands, and isaacsim.sensors.rtx.commands. Please update your code accordingly.
2026-09-25T20:22:55Z [3,487ms] [Warning] [omni.isaac.sensor.contact_sensor] omni.isaac.sensor.contact_sensor has been deprecated in favor of isaacsim.sensors.physics.contact_sensor. Please update your code accordingly.
2026-09-25T20:22:55Z [3,487ms] [Warning] [omni.isaac.sensor.imu_sensor] omni.isaac.sensor.imu_sensor has been deprecated in favor of isaacsim.sensors.physics.imu_sensor. Please update your code accordingly.
2026-09-25T20:22:55Z [3,487ms] [Warning] [omni.isaac.sensor.lidar_rtx] omni.isaac.sensor.lidar_rtx has been deprecated in favor of isaacsim.sensors.rtx.lidar_rtx. Please update your code accordingly.
2026-09-25T20:22:55Z [3,487ms] [Warning] [omni.isaac.sensor.rotating_lidar_physX] omni.isaac.sensor.imu_sensor has been deprecated in favor of isaacsim.sensors.physix.rotating_lidar_physX. Please update your code accordingly.
2026-09-25T20:22:55Z [3,487ms] [Warning] [omni.isaac.sensor.scripts.samples.contact_sensor] omni.isaac.sensor.scripts.samples.contact_sensor has been deprecated in favor of isaacsim.sensors.physics.scripts.samples.contact_sensor. Please update your code accordingly.
2026-09-25T20:22:55Z [3,487ms] [Warning] [omni.isaac.sensor.scripts.samples.imu_sensor] omni.isaac.sensor.scripts.samples.imu_sensor has been deprecated in favor of isaacsim.sensors.physics.scripts.samples.imu_sensor. Please update your code accordingly.
2026-09-25T20:22:55Z [3,487ms] [Warning] [omni.isaac.sensor.scripts.samples.lightbeam_sensor] omni.isaac.sensor.scripts.samples.lightbeam_sensor has been deprecated in favor of isaacsim.sensors.physx.scripts.samples.lightbeam_sensor. Please update your code accordingly.
[3.497s] [ext: omni.kit.menu.create-2.0.1] startup
[3.499s] [ext: omni.kit.widget.toolbar-2.0.1] startup
[3.508s] [ext: omni.kit.manipulator.transform-107.0.0] startup
[3.511s] [ext: omni.isaac.core-4.0.7] startup
2026-09-25T20:22:55Z [3,502ms] [Warning] [omni.isaac.core.physics_context.physics_context] omni.isaac.core.physics_context.physics_context has been deprecated in favor of isaacsim.core.api.physics_context.physics_context. Please update your code accordingly.
2026-09-25T20:22:55Z [3,502ms] [Warning] [omni.isaac.core.simulation_context.simulation_context] omni.isaac.core.simulation_context.simulation_context has been deprecated in favor of isaacsim.core.api.simulation_context.simulation_context. Please update your code accordingly.
2026-09-25T20:22:55Z [3,502ms] [Warning] [omni.isaac.core.world.world] omni.isaac.core.world.world has been deprecated in favor of isaacsim.core.api.world.world. Please update your code accordingly.
2026-09-25T20:22:55Z [3,502ms] [Warning] [omni.isaac.core] omni.isaac.core has been deprecated in favor of isaacsim.core.api. Please update your code accordingly.
[3.512s] [ext: omni.kit.scripting-107.3.2] startup
[3.516s] [ext: omni.kit.manipulator.tool.snap-1.5.13] startup
[3.519s] [ext: omni.kit.manipulator.selector-1.1.3] startup
[3.520s] [ext: isaacsim.app.about-2.0.11] startup
[3.524s] [ext: isaacsim.replicator.behavior-1.1.16] startup
[3.524s] [ext: omni.kit.viewport.manipulator.transform-107.0.4] startup
[3.526s] [ext: omni.isaac.window.about-2.0.7] startup
2026-09-25T20:22:55Z [3,518ms] [Warning] [omni.isaac.window.about] omni.isaac.window.about has been deprecated in favor of isaacsim.app.about. Please update your code accordingly.
2026-09-25T20:22:55Z [3,518ms] [Warning] [omni.isaac.window.about.about] omni.isaac.window.about.about has been deprecated in favor of isaacsim.app.about.about. Please update your code accordingly.
[3.528s] [ext: omni.fabric.commands-1.1.6] startup
[3.530s] [ext: omni.kit.manipulator.prim.core-107.0.8] startup
[3.533s] [ext: omni.kit.property.audio-1.0.16] startup
[3.535s] [ext: omni.kit.property.camera-1.0.10] startup
[3.536s] [ext: omni.kit.property.geometry-2.0.4] startup
[3.538s] [ext: omni.hydra.scene_api-0.1.2] startup
[3.541s] [ext: omni.kit.property.light-1.0.12] startup
[3.548s] [ext: omni.kit.manipulator.prim.fabric-107.0.4] startup
[3.549s] [ext: omni.kit.manipulator.prim.usd-107.0.3] startup
[3.550s] [ext: omni.kit.property.material-1.11.9] startup
[3.554s] [ext: omni.kit.property.render-1.2.1] startup
[3.555s] [ext: omni.kit.property.transform-1.5.13] startup
[3.557s] [ext: isaacsim.gui.property-1.1.3] startup
[3.559s] [ext: omni.kit.manipulator.camera-106.0.4] startup
[3.561s] [ext: omni.kit.manipulator.prim-107.0.0] startup
[3.561s] [ext: omni.isaac.surface_gripper-2.0.6] startup
2026-09-25T20:22:55Z [3,552ms] [Warning] [omni.isaac.surface_gripper] omni.isaac.surface_gripper has been deprecated in favor of isaacsim.robot.surface_gripper. Please update your code accordingly.
[3.562s] [ext: omni.kit.manipulator.selection-106.0.1] startup
[3.563s] [ext: omni.kit.property.bundle-1.4.1] startup
[3.565s] [ext: omni.kit.property.isaac-1.0.6] startup
2026-09-25T20:22:55Z [3,557ms] [Warning] [omni.kit.property.isaac] omni.kit.property.isaac has been deprecated in favor of isaacsim.gui.property. Please update your code accordingly.
2026-09-25T20:22:55Z [3,557ms] [Warning] [omni.kit.property.isaac.widgets] omni.kit.property.isaac.widgets has been deprecated in favor of isaacsim.gui.property.widgets. Please update your code accordingly.
[3.566s] [ext: omni.isaac.universal_robots-1.0.6] startup
2026-09-25T20:22:55Z [3,558ms] [Warning] [omni.isaac.universal_robots] omni.isaac.universal_robots has been deprecated in favor of isaacsim.robot.manipulators.examples.universal_robots. Please update your code accordingly.
2026-09-25T20:22:55Z [3,558ms] [Warning] [omni.isaac.universal_robots.kinematics_solver] omni.isaac.franka has been deprecated in favor of isaacsim.robot.manipulators.examples.universal_robots. Please update your code accordingly.
2026-09-25T20:22:55Z [3,558ms] [Warning] [omni.isaac.universal_robots.ur10] omni.isaac.franka has been deprecated in favor of isaacsim.robot.manipulators.examples.universal_robots. Please update your code accordingly.
[3.568s] [ext: omni.isaac.core_nodes-2.0.6] startup
2026-09-25T20:22:55Z [3,560ms] [Warning] [omni.isaac.core_nodes] omni.isaac.core_nodes has been deprecated in favor of isaacsim.core.nodes. Please update your code accordingly.
[3.569s] [ext: omni.kit.viewport.menubar.camera-107.0.6] startup
[3.574s] [ext: omni.kit.viewport.menubar.lighting-107.3.1] startup
[3.575s] [ext: isaacsim.replicator.writers-1.0.17] startup
[3.583s] [ext: omni.kit.viewport.menubar.render-107.0.10] startup
[3.586s] [ext: omni.kit.viewport.menubar.settings-107.0.3] startup
[3.592s] [ext: omni.kit.window.console-1.1.4] startup
[3.594s] [ext: isaacsim.replicator.domain_randomization-1.0.16] startup
[3.596s] [ext: isaacsim.replicator.examples-1.3.6] startup
[3.597s] [ext: omni.ocio-0.1.1] startup
[3.599s] [ext: omni.rtx.window.settings-0.6.19] startup
[3.607s] [ext: omni.kit.window.status_bar-0.1.9] startup
[3.613s] [ext: omni.kit.window.toolbar-2.0.0] startup
[3.615s] [ext: omni.replicator.isaac-2.0.8] startup
2026-09-25T20:22:55Z [3,606ms] [Warning] [omni.replicator.isaac] omni.replicator.isaac has been deprecated in favor of isaacsim.replicator.domain_randomization, isaacsim.replicator.examples, isaacsim.replicator.writers. Please update your code accordingly.
[3.616s] [ext: omni.replicator.replicator_yaml-2.0.11] startup
[3.625s] [ext: omni.rtx.settings.core-0.6.5] startup
[3.629s] [ext: omni.usd.metrics.assembler.ui-107.3.1] startup
[3.637s] [ext: omni.isaac.utils-2.0.6] startup
[3.638s] [ext: semantics.schema.editor-2.0.2] startup
[3.640s] [ext: omni.kit.ui.actions-1.0.5] startup
[3.642s] [ext: semantics.schema.property-2.0.1] startup
[3.643s] [ext: omni.isaac.version-2.0.7] startup
2026-09-25T20:22:55Z [3,634ms] [Warning] [omni.isaac.version] omni.isaac.version has been deprecated in favor of isaacsim.core.version. Please update your code accordingly.
[3.644s] [ext: omni.isaac.cortex-1.0.5] startup
[3.644s] [ext: omni.anim.curve.core-1.3.1] startup
[3.650s] [ext: isaacsim.core.throttling-2.2.2] startup
[3.651s] [ext: omni.kit.menu.common-2.0.1] startup
[3.653s] [ext: isaacsim.exp.base-5.1.0] startup
[3.653s] [ext: isaacsim.exp.base.python-5.1.0] startup
[3.654s] Simulation App Starting
2026-09-25T20:22:55Z [3,733ms] [Warning] [carb.audio.device] audio device is misconfigured or broken {deviceIndex = 0, name = 'default'} (The device is likely misconfigured, check your $HOME/.asoundrc)
2026-09-25T20:22:55Z [3,733ms] [Warning] [carb.audio.output] failed to retrieve the capabilities for device 0 {result = eDeviceLost (2)}
2026-09-25T20:22:55Z [3,733ms] [Warning] [carb.audio.context] failed to set the requested output during context creation.  Using a null streamer instead {result = eDeviceLost (2)}
2026-09-25T20:22:55Z [3,747ms] [Warning] [omni.fabric.plugin] Warning: attribute viewPickingId not found for bucket id 9

[3.783s] app ready
[5.375s] Simulation App Startup Complete
2026-09-25T20:23:00Z [8,886ms] [Warning] [rtx.postprocessing.plugin] DLSS increasing input dimensions: Render resolution of (160, 120) is below minimal input resolution of 300.
2026-09-25T20:23:00Z [8,968ms] [Warning] [omni.syntheticdata.plugin] OgnSdPostRenderVarToHost : rendervar copy from texture directly to host buffer is counter-performant. Please use copy from texture to device buffer first.
2026-09-25T20:23:01Z [9,609ms] [Warning] [omni.physx.plugin] Detected an articulation at /World/Clamps/Left with more than 4 velocity iterations being added to a TGS scene.The related behavior changed recently, please consult the changelog. This warning will only print once.
DOFS ['LiftLower', 'LiftUpper', 'joint1', 'joint2', 'joint3', 'joint4', 'joint5', 'joint6', 'joint7', 'joint8']
CLAMP_DOFS [['ScrewTurn', 'PadSwivel', 'HandleSlide', 'ScrewFeed'], ['ScrewTurn', 'PadSwivel', 'HandleSlide', 'ScrewFeed']]
2026-09-25T20:23:06Z [14,656ms] [Warning] [carb] Client gpu.foundation.plugin has acquired [gpu::unstable::IMemoryBudgetManagerFactory v0.1] 100 times. Consider accessing this interface with carb::getCachedInterface() (Performance warning)
CAPTURE initial 0.8020833333333311 0.6350000446787745 134.93853732638888
CAPTURE raised 5.502083333333181 0.7128436064720154 136.2010373263889
CAPTURE returned 9.502083333332955 0.6350000421292121 135.68417100694444
VALIDATION_DONE [0.6350000063690209, 0.7128613686561585]
EXTRA_CAPTURE mount_detail 87.30695746527778
EXTRA_CAPTURE overview 146.01140625
EXTRA_CAPTURE workspace_camera 146.21793402777777
EXTRA_CAPTURE wrist_camera 105.25063368055555
2026-09-25T20:24:05Z [74,106ms] [Warning] [carb] Plugin interface for a client: omni.hydratexture.plugin was already released.
2026-09-25T20:24:05Z [74,106ms] [Warning] [carb] Plugin interface for a client: omni.hydratexture.plugin was already released.
2026-09-25T20:24:05Z [74,106ms] [Warning] [carb] Plugin interface for a client: omni.hydratexture.plugin was already released.
2026-09-25T20:24:05Z [74,106ms] [Warning] [carb] Plugin interface for a client: omni.hydratexture.plugin was already released.
2026-09-25T20:24:05Z [74,106ms] [Warning] [carb] Plugin interface for a client: omni.hydratexture.plugin was already released.
[74.176s] Simulation App Shutting Down
